only testing
predictions = 0002b.predict
Num weight bits = 18
learning rate = 0.5
initial_t = 0
power_t = 0.5
using no cache
Reading datafile = train-sets/0002.dat
num sources = 1
average  since         example        example  current  current  current
loss     last          counter         weight    label  predict features
0.007236 0.007236            1            1.0   0.5211   0.4361       15
0.003816 0.000396            2            2.0   0.5353   0.5154       15
0.005872 0.007928            4            4.0   0.5854   0.4730       15
0.017229 0.028587            8            8.0   0.5575   0.4072       15
0.018351 0.019474           16           16.0   0.5878   0.5298       15
0.019227 0.020102           32           32.0   0.6038   0.4860       15
0.014949 0.010672           64           64.0   0.5683   0.4771       15
0.014394 0.013839          128          128.0   0.5351   0.4489       15
0.012815 0.011236          256          256.0   0.5385   0.4307       15
0.009084 0.005354          512          512.0   0.5053   0.5685       15

finished run
number of examples per pass = 1000
passes used = 1
weighted example sum = 1000.000000
weighted label sum = 526.517586
average loss = 0.006223
best constant = 0.526518
total feature number = 14996
