final_regressor = models/0002c.model
Num weight bits = 18
learning rate = 0.5
initial_t = 0
power_t = 0.45
using no cache
Reading datafile = train-sets/0002.dat
num sources = 1
average  since         example        example  current  current  current
loss     last          counter         weight    label  predict features
0.271591 0.271591            1            1.0   0.5211   0.0000       15
0.136335 0.001079            2            2.0   0.5353   0.5024       15
0.127714 0.119093            4            4.0   0.5854   0.8683       15
0.107065 0.086416            8            8.0   0.5575   0.4216       15
0.095150 0.083235           16           16.0   0.5878   0.3525       15
0.051881 0.008611           32           32.0   0.6038   0.6129       15
0.032536 0.013191           64           64.0   0.5683   0.4646       15
0.019171 0.005807          128          128.0   0.5351   0.5008       15
0.011247 0.003322          256          256.0   0.5385   0.5604       15
0.006696 0.002146          512          512.0   0.5053   0.5142       15

finished run
number of examples per pass = 1000
passes used = 1
weighted example sum = 1000.000000
weighted label sum = 526.517586
average loss = 0.003729
best constant = 0.526518
total feature number = 14996
