final_regressor = models/0002.model
Num weight bits = 18
learning rate = 10
initial_t = 1
power_t = 0.5
using no cache
Reading datafile = train-sets/0002.dat
num sources = 1
average  since         example        example  current  current  current
loss     last          counter         weight    label  predict features
0.271591 0.271591            1            1.0   0.5211   0.0000       15
0.147424 0.023257            2            2.0   0.5353   0.3827       15
0.087392 0.027360            4            4.0   0.5854   0.7212       15
0.065205 0.043018            8            8.0   0.5575   0.6282       15
0.052171 0.039137           16           16.0   0.5878   0.5432       15
0.028349 0.004528           32           32.0   0.6038   0.6164       15
0.015826 0.003302           64           64.0   0.5683   0.5103       15
0.010695 0.005565          128          128.0   0.5351   0.5203       15
0.007506 0.004318          256          256.0   0.5385   0.5448       15
0.005298 0.003090          512          512.0   0.5053   0.5509       15

finished run
number of examples per pass = 1000
passes used = 1
weighted example sum = 1000.000000
weighted label sum = 526.517586
average loss = 0.003455
best constant = 0.526518
total feature number = 14996
