creating quadratic features for pairs: Tf ff 
final_regressor = models/0002a.model
Num weight bits = 18
learning rate = 10
initial_t = 1
power_t = 0.5
using no cache
Reading datafile = train-sets/0002.dat
num sources = 1
average  since         example        example  current  current  current
loss     last          counter         weight    label  predict features
0.271591 0.271591            1            1.0   0.5211   0.0000      119
0.161590 0.051588            2            2.0   0.5353   0.3081      119
0.117244 0.072898            4            4.0   0.5854   0.7932      119
0.064149 0.011054            8            8.0   0.5575   0.5529      119
0.044783 0.025418           16           16.0   0.5878   0.5774      119
0.036284 0.027785           32           32.0   0.6038   0.5751      119
0.025780 0.015275           64           64.0   0.5683   0.4584      119
0.016012 0.006244          128          128.0   0.5351   0.5279      119
0.011354 0.006697          256          256.0   0.5385   0.5727      119
0.007403 0.003451          512          512.0   0.5053   0.5454      119

finished run
number of examples per pass = 1000
passes used = 1
weighted example sum = 1000.000000
weighted label sum = 526.517586
average loss = 0.004558
best constant = 0.526518
total feature number = 118940
