only testing
predictions = bs.prreg.predict
Num weight bits = 18
learning rate = 0.5
initial_t = 0
power_t = 0.5
using no cache
Reading datafile = train-sets/0002.dat
num sources = 1
average  since         example        example  current  current  current
loss     last          counter         weight    label  predict features
0.004940 0.004940            1            1.0   0.5211   0.4509       15
0.002515 0.000090            2            2.0   0.5353   0.5447       15
0.003342 0.004170            4            4.0   0.5854   0.5276       15
0.003904 0.004465            8            8.0   0.5575   0.5102       15
0.003106 0.002309           16           16.0   0.5878   0.5776       15
0.003289 0.003472           32           32.0   0.6038   0.5652       15
0.002519 0.001749           64           64.0   0.5683   0.5325       15
0.002457 0.002395          128          128.0   0.5351   0.5032       15
0.002459 0.002460          256          256.0   0.5385   0.4743       15
0.003946 0.005432          512          512.0   0.5053   0.5772       15

finished run
number of examples per pass = 1000
passes used = 1
weighted example sum = 1000.000000
weighted label sum = 526.517586
average loss = 0.002317
best constant = 0.526518
total feature number = 14996
