final_regressor = models/bs.reg.model
predictions = bs.reg.predict
Num weight bits = 18
learning rate = 0.5
initial_t = 0
power_t = 0.5
using no cache
Reading datafile = train-sets/0002.dat
num sources = 1
average  since         example        example  current  current  current
loss     last          counter         weight    label  predict features
0.271591 0.271591            1            1.0   0.5211   0.0000       15
0.218951 0.166311            2            2.0   0.5353   0.1274       15
0.134713 0.050474            4            4.0   0.5854   0.2680       15
0.106831 0.078949            8            8.0   0.5575   0.3696       15
0.092895 0.078960           16           16.0   0.5878   0.4162       15
0.052692 0.012488           32           32.0   0.6038   0.6134       15
0.037777 0.022862           64           64.0   0.5683   0.4177       15
0.024255 0.010733          128          128.0   0.5351   0.4614       15
0.014295 0.004336          256          256.0   0.5385   0.5568       15
0.008490 0.002685          512          512.0   0.5053   0.5184       15

finished run
number of examples per pass = 1000
passes used = 1
weighted example sum = 1000.000000
weighted label sum = 526.517586
average loss = 0.004780
best constant = 0.526518
total feature number = 14996
