using l2 regularization = 1
predictions = ksvm_train.poly.predict
Lambda = 1
Kernel = poly
degree = 2
Num weight bits = 18
learning rate = 0.5
initial_t = 0
power_t = 0.5
using no cache
Reading datafile = train-sets/rcv1_smaller.dat
num sources = 1
average  since         example        example  current  current  current
loss     last          counter         weight    label  predict features
1.000000 1.000000            1            1.0   1.0000   0.0000       50
1.237499 1.474998            2            2.0  -1.0000   0.4750      103
1.069839 0.902179            4            4.0  -1.0000  -0.2266      134
0.995857 0.921875            8            8.0  -1.0000  -0.2500      145
0.947210 0.898563           16           16.0   1.0000  -0.3044       23
0.940548 0.933886           32           32.0  -1.0000  -0.1604       31
0.924417 0.908287           64           64.0  -1.0000  -0.7054       60
0.913284 0.902150          128          128.0   1.0000   0.1956      105

finished run
number of examples = 250
weighted example sum = 250.000000
weighted label sum = -22.000000
average loss = 0.821119
best constant = -0.088000
best constant's loss = 0.992256
total feature number = 19870
Num support = 247
Number of kernel evaluations = 142949 Number of cache queries = 228978
Total loss = 205.279877
Done freeing model
Done freeing kernel params
Done with finish 
