Num weight bits = 18
learning rate = 0.5
initial_t = 0
power_t = 0.5
decay_learning_rate = 1
creating cache_file = train-sets/lda-2pass-hang.dat.cache
Reading datafile = train-sets/lda-2pass-hang.dat
num sources = 1
average  since         example        example  current  current  current
loss     last          counter         weight    label  predict features
12.797063 12.797063            1            1.0  unknown   0.0000      201
12.934166 13.071269            2            2.0  unknown   0.0000      220
13.475956 14.017745            4            4.0  unknown   0.0000      136
14.728296 15.980637            8            8.0  unknown   0.0000      371
15.885354 17.042412           16           16.0  unknown   0.0000      138
17.174063 18.462772           32           32.0  unknown   0.0000      276
17.150452 17.126840           64           64.0  unknown   0.0000       55
16.497884 15.845317          128          128.0  unknown   0.0000      131
15.940502 15.383119          256          256.0  unknown   0.0000      433
15.306954 14.673407          512          512.0  unknown   0.0000       61

finished run
number of examples = 1000
weighted example sum = 1000.000000
weighted label sum = 0.000000
average loss = 14.332565
total feature number = 193156
